[backblue.gif]
[fade.gif]
[index.html]
[localhost/images/logos/church-solid-red.png]
[localhost/media/vendor/joomla-custom-elements/css/joomla-alert.min44b7.css]
[localhost/images/demo_img/bg/bg6.jpg]
[localhost/images/demo_img/bg/fpattern.png]
[localhost/media/legacy/js/jquery-noconflict.minaad7.js]
[localhost/media/system/js/core.min7335.js]
[localhost/media/system/js/showon-es5.min6186.js]
[localhost/media/system/js/messages-es5.minb614.js]
[localhost/media/vendor/jquery/js/jquery.mind569.js]
[localhost/media/vendor/bootstrap/js/alert.min79ff.js]
[localhost/media/vendor/bootstrap/js/button.min79ff.js]
[localhost/media/vendor/bootstrap/js/carousel.min79ff.js]
[localhost/media/vendor/bootstrap/js/collapse.min79ff.js]
[localhost/media/vendor/bootstrap/js/dropdown.min79ff.js]
[localhost/media/vendor/bootstrap/js/modal.min79ff.js]
[localhost/media/vendor/bootstrap/js/offcanvas.min79ff.js]
[localhost/media/vendor/bootstrap/js/scrollspy.min79ff.js]
[localhost/media/vendor/bootstrap/js/popover.min79ff.js]
[localhost/media/vendor/bootstrap/js/tab.min79ff.js]
[localhost/media/vendor/bootstrap/js/toast.min79ff.js]
[localhost/media/system/js/showon.min8e34.js]
[localhost/media/system/js/messages.minae9f.js]
[localhost/templates/poc_grant/js/main.js]
[localhost/media/vendor/bootstrap/js/bootstrap-es5.min79ff.js]
[localhost/images/attachments/beleidsplan_totaal_v2p1.pdf]
[localhost/images/demo_img/slide/slide6.jpg]
[localhost/images/verenigingen/bijbelkring.jpg]
[localhost/images/berichten/hot-air-balloon-festival-954913_1280.jpg]
[localhost/index.html]
[localhost/media/vendor/joomla-custom-elements/css/joomla-alert.min44b7.css]
[localhost/templates/poc_grant/css/bootstrap.min.css]
[www.kerktijden.nl/widget/kerktijdenV2-min.js]
[localhost/templates/poc_grant/css/template.css]
[localhost/templates/poc_grant/css/presets/default.css]
[localhost/berichtenc0d0]
[localhost/berichten7b17]
[localhost/images/demo_img/breadcrumb/2.jpg]
[localhost/images/attachments/Bestelformulier BEM 2024_Kaas_def 1.pdf]
[localhost/images/attachments/Bestellijst BEM 2024 Kipproducten_v1p0.pdf]
[localhost/berichten.html]
[localhost/images/demo_img/breadcrumb/1.jpg]
[localhost/kerk.html]
[localhost/images/demo_img/breadcrumb/3.jpg]
[localhost/kerk/kerkenraad.html]
[localhost/images/demo_img/breadcrumb/4.jpg]
[localhost/images/attachments/ANBI-transparantie-gegevens-diaconie_Zwartebroek_-_Terschuur_-_Voorthuizen_2022.pdf]
[localhost/images/demo_img/others/1.jpg]
[localhost/images/demo_img/others/2.jpg]
[localhost/kerk/diaconie.html]
[localhost/images/attachments/ANBI_verklaring_2022_kerkvoogdij.pdf]
[localhost/kerk/kerkvoogdij.html]
[localhost/kerk/kosters.html]
[localhost/images/demo_img/breadcrumb/5.jpg]
[localhost/images/attachments/ANBI-transparantie-gegevens-kerkelijke-gemeente_stichting_Vermogensbeheer_2022.pdf]
[localhost/kerk/st-vermogensbeheer.html]
[localhost/kerk/bankrekening.html]
[localhost/images/demo_img/icons/divider.png]
[localhost/images/verenigingen/regenboog.jpg]
[localhost/images/verenigingen/mannenvereniging.jpg]
[localhost/images/verenigingen/rotssteen.jpg]
[localhost/images/verenigingen/vrouwenvereniging.jpg]
[localhost/images/verenigingen/jongvolwassenkring.jpg]
[localhost/images/verenigingen/levensbron.jpg]
[localhost/verenigingen.html]
[localhost/images/breadcrumbs/regenboog-breadcrumb.jpg]
[localhost/verenigingen/de-regenboog.html]
[localhost/images/breadcrumbs/rotssteen-breadcrumb.jpg]
[localhost/verenigingen/de-rotssteen.html]
[localhost/images/breadcrumbs/levensbron-breadcrumb.jpg]
[localhost/verenigingen/de-levensbron.html]
[localhost/images/breadcrumbs/jongvolwassenkring-breadcrumb.jpg]
[localhost/verenigingen/jongvolwassenkring.html]
[localhost/images/breadcrumbs/bijbelkring-breadcrumb.jpg]
[localhost/verenigingen/bijbelkring.html]
[localhost/images/breadcrumbs/mannenvereniging-breadcrumb.jpg]
[localhost/verenigingen/mannenvereniging.html]
[localhost/images/breadcrumbs/vrouwenvereniging-breadcrumb.jpg]
[localhost/verenigingen/vrouwenvereniging.html]
[localhost/gebouw.html]
[localhost/gebouw/kerkgebouw.html]
[localhost/images/attachments/Bestellijst_taarten_2023.pdf]
[localhost/gebouw/rente-aflossing.html]
[localhost/gebouw/orgel.html]
[localhost/extern.html]
[localhost/berichten/boerenerfmarkt.html]
[localhost/templates/poc_grant/images/menu-bg.html]
